Circuit: *My test circuit

.dc: Increment so large that there's only one step.

Date: Sat Sep 24 12:08:35 2022
Total elapsed time: 0.016 seconds.

tnom = 27
temp = 27
method = trap
totiter = 3
traniter = 0
tranpoints = 0
accept = 0
rejected = 0
matrix size = 4
fillins = 0
solver = Normal
Matrix Compiler1: 100 bytes object code size
Matrix Compiler2: 248 bytes object code size
